Script started on Sat 19 Nov 2022 12:34:33 PM EST
tuser@tutor-vserver:~$ mtip -f echo.lnxscp srisaim@users.cs.umb.edu:cs341/mp3/echo.* .[C[C[C[C[C[C[C[C[C[C[C[C[C[C[C[C[C[C[C[C[C[C[C[C[Cript[K[1Pclearrm scriptls[Kclear[1Pexitclearmtip -f echo.lnxscp srisaim@users.cs.umb.edu:cs341/mp3/echo.* .[C[C[C[C[C[C[C[C[C[C[C[C[C[C[C[C[C[C[C[C[C[C[C[20PNow showing run of echo.lnx[C[C[C[C[C[C[C[C[C[C[C[C[C[C[C[C[C[C[C[C[C[C[Csrisaimanjunadh valluru srisaim[C[C[C[C[C[C[C[C[C[C[C[C[C[C[C[C[C[C[C[C[C[C[Cclear[Ksrisaimanjunadh valluru srisaim
bash: srisaimanjunadh: command not found
tuser@tutor-vserver:~$ srisaimanjunadh valluru srisaim[C[C[C[C[C[C[C[C[C[C[C[C[C[C[C[C[C[C[C[C[C[C[C[15Pmtip -f echo.lnxscp srisaim@users.cs.umb.edu:cs341/mp3/echo.* .[C[C[C[C[C[C[C[C[C[C[C[C[C[C[C[C[C[C[C[C[C[C[C[C[Cript[K[1Pclearrm scriptls[Kclear[1Pexitclearmtip -f echo.lnxscp srisaim@users.cs.umb.edu:cs341/mp3/echo.* .[C[C[C[C[C[C[C[C[C[C[C[C[C[C[C[C[C[C[C[C[C[C[C[20PNow showing run of echo.lnx[C[C[C[C[C[C[C[C[C[C[C[C[C[C[C[C[C[C[C[C[C[C[Csrisaimanjunadh valluru srisaim[C[C[C[C[C[C[C[C[C[C[C[C[C[C[C[C[C[C[C[C[C[C[C[4PNow showing run of echo.lnx
bash: Now: command not found
tuser@tutor-vserver:~$ Now showing run of echo.lnx[C[C[C[C[C[C[C[C[C[C[C[C[C[C[C[C[C[C[C[C[C[C[Csrisaimanjunadh valluru srisaim[C[C[C[C[C[C[C[C[C[C[C[C[C[C[C[C[C[C[C[C[C[C[C[15Pmtip -f echo.lnxscp srisaim@users.cs.umb.edu:cs341/mp3/echo.* .[C[C[C[C[C[C[C[C[C[C[C[C[C[C[C[C[C[C[C[C[C[C[C[C[Cript[Kp srisaim@users.cs.umb.edu:cs341/mp3/echo.* .
srisaim@users.cs.umb.edu's password: 
echo.lnx                                        0%    0     0.0KB/s   --:-- ETAecho.lnx                                      100%   30KB  30.1KB/s   00:00    
echo.o                                          0%    0     0.0KB/s   --:-- ETAecho.o                                        100%  804     0.8KB/s   00:00    
echo.s                                          0%    0     0.0KB/s   --:-- ETAecho.s                                        100% 1203     1.2KB/s   00:00    
echo.syms                                       0%    0     0.0KB/s   --:-- ETAecho.syms                                     100% 1210     1.2KB/s   00:00    
tuser@tutor-vserver:~$ scp srisaim@users.cs.umb.edu:cs341/mp3/echo.* .[C[C[C[C[C[C[C[C[C[C[C[C[C[C[C[C[C[C[C[C[C[C[C[20PNow showing run of echo.lnx[C[C[C[C[C[C[C[C[C[C[C[C[C[C[C[C[C[C[C[C[C[C[Csrisaimanjunadh valluru srisaim[C[C[C[C[C[C[C[C[C[C[C[C[C[C[C[C[C[C[C[C[C[C[C[15Pmtip -f echo.lnx
For command help, type ~?
For help on args, rerun without args
Code starts at 0x100100
Using board # 1 
Please type <CR> to confirm console setting: 
Setting console dev to COM2Console: colour EGA+ 80x25
COM1 at 0x03f8 (irq = 4) is a 16550A
COM2 at 0x02f8 (irq = 3) is a 16550A

                 Welcome to UMB Tutor for the PC
   UMB Tutor is a 32-bit protected-mode PC debugger/downloader,
       based on Linux, UMB Tutor for m68k, and remote gdb.
UMB Tutor is free software and you are welcome to distribute copies
of it under certain conditions.  There is no warranty for this program.
The copyright and warranty provisions follow the Gnu general public
license, available for view in gdb and elsewhere.  Full sources available.
--bugs, suggestions, questions to eoneil@cs.umb.edu

Exception 3 at EIP=00057a9b: Breakpoint
Tutor> ~downloading echo.lnx

........Done.

Download done, setting EIP to 100100.
Tutor> go 100100
Type escape character and enter
z
abcException 3 at EIP=00100110: Breakpoint
Tutor> go 100100
Type escape character and enter
z
abcdexyException 3 at EIP=00100110: Breakpoint
Tutor> go 100100
Type escape character and enter
z
abcde
xyException 3 at EIP=00100110: Breakpoint
Tutor> ~q 
Quit handler: 
killing process 1863 Leaving board #1
tuser@tutor-vserver:~$ clear
[H[Jtuser@tutor-vserver:~$ exit
exit

Script done on Sat 19 Nov 2022 12:36:50 PM EST
